/home/owner/SambaData/OwnerData/train/images/CAM00338.jpg
/home/owner/SambaData/OwnerData/train/images/CAM00343.jpg
/home/owner/SambaData/OwnerData/train/images/20231018_101818.jpg
/home/owner/SambaData/OwnerData/train/images/20171005_142721.jpg
/home/owner/SambaData/OwnerData/train/images/CAM00348.jpg
/home/owner/SambaData/OwnerData/train/images/CAM00262.jpg
/home/owner/SambaData/OwnerData/train/images/CAM00341.jpg
/home/owner/SambaData/OwnerData/train/images/20231018_101826.jpg
/home/owner/SambaData/OwnerData/train/images/CAM00350.jpg
/home/owner/SambaData/OwnerData/train/images/CAM01200.jpg
/home/owner/SambaData/OwnerData/train/images/20131128_085650.jpg
/home/owner/SambaData/OwnerData/train/images/CAM00338.jpg
/home/owner/SambaData/OwnerData/train/images/CAM00343.jpg
/home/owner/SambaData/OwnerData/train/images/20231018_101818.jpg
/home/owner/SambaData/OwnerData/train/images/20171005_142721.jpg
/home/owner/SambaData/OwnerData/train/images/CAM00348.jpg
/home/owner/SambaData/OwnerData/train/images/CAM00262.jpg
/home/owner/SambaData/OwnerData/train/images/CAM00341.jpg
/home/owner/SambaData/OwnerData/train/images/20231018_101826.jpg
/home/owner/SambaData/OwnerData/train/images/CAM00350.jpg
/home/owner/SambaData/OwnerData/train/images/CAM01200.jpg
/home/owner/SambaData/OwnerData/train/images/20131128_085650.jpg
/home/owner/SambaData/OwnerData/train/images/CAM00259.jpg
/home/owner/SambaData/OwnerData/train/images/ZPHOTO_0030_20130722181022.jpg
/home/owner/SambaData/OwnerData/train/images/20190611_140411.jpg
/home/owner/SambaData/OwnerData/train/images/CAM00338.jpg
/home/owner/SambaData/OwnerData/train/images/CAM00343.jpg
/home/owner/SambaData/OwnerData/train/images/20231018_101818.jpg
/home/owner/SambaData/OwnerData/train/images/20171005_142721.jpg
/home/owner/SambaData/OwnerData/train/images/CAM00348.jpg
/home/owner/SambaData/OwnerData/train/images/CAM00262.jpg
/home/owner/SambaData/OwnerData/train/images/CAM00341.jpg
/home/owner/SambaData/OwnerData/train/images/20231018_101826.jpg
/home/owner/SambaData/OwnerData/train/images/CAM00350.jpg
/home/owner/SambaData/OwnerData/train/images/CAM01200.jpg
/home/owner/SambaData/OwnerData/train/images/20131128_085650.jpg
/home/owner/SambaData/OwnerData/train/images/CAM00259.jpg
/home/owner/SambaData/OwnerData/train/images/ZPHOTO_0030_20130722181022.jpg
/home/owner/SambaData/OwnerData/train/images/20190611_140411.jpg
/home/owner/SambaData/OwnerData/train/images/CAM00338.jpg
/home/owner/SambaData/OwnerData/train/images/CAM00343.jpg
/home/owner/SambaData/OwnerData/train/images/20231018_101818.jpg
/home/owner/SambaData/OwnerData/train/images/20171005_142721.jpg
/home/owner/SambaData/OwnerData/train/images/CAM00348.jpg
/home/owner/SambaData/OwnerData/train/images/CAM00262.jpg
/home/owner/SambaData/OwnerData/train/images/CAM00341.jpg
/home/owner/SambaData/OwnerData/train/images/20231018_101826.jpg
/home/owner/SambaData/OwnerData/train/images/CAM00350.jpg
/home/owner/SambaData/OwnerData/train/images/CAM01200.jpg
/home/owner/SambaData/OwnerData/train/images/20131128_085650.jpg
/home/owner/SambaData/OwnerData/train/images/CAM00259.jpg
/home/owner/SambaData/OwnerData/train/images/ZPHOTO_0030_20130722181022.jpg
/home/owner/SambaData/OwnerData/train/images/20190611_140411.jpg
/home/owner/SambaData/OwnerData/train/images/CAM00338.jpg
/home/owner/SambaData/OwnerData/train/images/CAM00343.jpg
/home/owner/SambaData/OwnerData/train/images/20231018_101818.jpg
/home/owner/SambaData/OwnerData/train/images/20171005_142721.jpg
/home/owner/SambaData/OwnerData/train/images/CAM00348.jpg
/home/owner/SambaData/OwnerData/train/images/CAM00262.jpg
/home/owner/SambaData/OwnerData/train/images/CAM00341.jpg
/home/owner/SambaData/OwnerData/train/images/20231018_101826.jpg
/home/owner/SambaData/OwnerData/train/images/CAM00350.jpg
/home/owner/SambaData/OwnerData/train/images/CAM01200.jpg
/home/owner/SambaData/OwnerData/train/images/20131128_085650.jpg
/home/owner/SambaData/OwnerData/train/images/CAM00259.jpg
/home/owner/SambaData/OwnerData/train/images/ZPHOTO_0030_20130722181022.jpg
/home/owner/SambaData/OwnerData/train/images/20190611_140411.jpg
